// Jest Snapshot v1, https://goo.gl/fbAQLP

exports[`dynamo reducer default 1`] = `
Object {
  "status": Array [],
}
`;

exports[`dynamo reducer status 1`] = `
Object {
  "status": Array [
    Object {
      "process": "test",
    },
  ],
}
`;
