// Jest Snapshot v1, https://goo.gl/fbAQLP

exports[`formatMaturity 1`] = `"1970-01-15 14:56"`;
