// Jest Snapshot v1, https://goo.gl/fbAQLP

exports[`construction 1`] = `
Array [
  Array [
    [Object],
    "https://kovan.infura.io",
    "",
    false,
  ],
]
`;
