// Jest Snapshot v1, https://goo.gl/fbAQLP

exports[`handleMessage addOrder 1`] = `Array []`;

exports[`subscribe 1`] = `Array []`;
