// Jest Snapshot v1, https://goo.gl/fbAQLP

exports[`ConvertCard Test Test Snapshot Test Snapshot 1`] = `
<div
  style={
    Object {
      "display": "block",
    }
  }
>
  <div
    className="popup-bg popup-open-bg"
  />
  <Styled(Card)
    className="popup-card popup-open"
    extra={
      <styled.div
        horizontal={true}
        width="40px"
      >
        <img
          className="cardpopup-close"
          src={null}
        />
        <img
          className="cardpopup-close"
          onClick={[MockFunction]}
          src={null}
        />
      </styled.div>
    }
    noBodymargin={true}
    title={
      <styled.div>
        Convert Mozart
      </styled.div>
    }
    width="360px"
  >
    <div
      className="cus-link"
      onClick={[Function]}
    >
      <div
        className="convert-popup-des"
      >
        Fully backed by ETH, this contract converts between ETH and tokens with diversified payoffs.
        <Component
          aToken="WETH-ETH"
          bToken="WETH-ETH"
        />
      </div>
      <div
        className="convert-popup-des"
      >
        This contract expires in -15 days.
      </div>
    </div>
    <styled.div
      noMargin={true}
      width="100%"
    >
      <div
        className="status-list-wrapper"
      >
        <ul>
          <li
            className="block-title"
            style={
              Object {
                "justifyContent": "center",
                "padding": "5px 15px",
              }
            }
          >
            Conversion Ratio
          </li>
          <li
            style={
              Object {
                "justifyContent": "center",
                "padding": "5px 15px",
              }
            }
          >
            <span
              className="content"
            >
              1 ETH = 15,006.99 W + 122.01 W
            </span>
          </li>
        </ul>
      </div>
    </styled.div>
    <styled.div>
      <div
        className="status-list-wrapper"
      >
        <ul
          style={
            Object {
              "height": "0px",
              "margin": "-1px 0",
            }
          }
        >
          <li
            style={
              Object {
                "padding": "5px 15px",
              }
            }
          >
            <span
              className="title"
            >
              Maturity
            </span>
            <span
              className="content"
            >
              1970-01-01 08:00
            </span>
          </li>
          <li
            style={
              Object {
                "padding": "5px 15px",
              }
            }
          >
            <span
              className="title"
            >
              Collateral
            </span>
            <span
              className="content"
            >
              123.0 ETH
            </span>
          </li>
          <li
            style={
              Object {
                "padding": "5px 15px",
              }
            }
          >
            <span
              className="title"
            >
              Total Supply
            </span>
            <span
              className="content"
            >
              123.0 WETH-ETH
            </span>
          </li>
          <li
            style={
              Object {
                "padding": "5px 15px",
              }
            }
          >
            <span
              className="title"
            />
            <span
              className="content"
            >
              123.0 WETH-ETH
            </span>
          </li>
        </ul>
      </div>
    </styled.div>
    <styled.div>
      <div
        className="status-list-wrapper"
      >
        <ul
          style={
            Object {
              "margin": "-1px 0 0 0",
            }
          }
        >
          <li
            className="list-expand-button"
            onClick={[Function]}
          >
            ···
          </li>
        </ul>
      </div>
    </styled.div>
    <Spin
      prefixCls="ant-spin"
      size="default"
      spinning={false}
      tip="Submitting..."
      wrapperClassName=""
    >
      <styled.div>
        <styled.div
          horizontal={true}
          padding="10px"
          style={
            Object {
              "opacity": 1,
              "pointerEvents": "auto",
            }
          }
          width="100%"
        >
          <button
            className="conv-button selected"
            key="Create"
            onClick={[Function]}
          >
            CREATE
          </button>
          <button
            className="conv-button non-select"
            key="Redeem"
            onClick={[Function]}
          >
            REDEEM
          </button>
        </styled.div>
        <styled.div
          noMargin={true}
          width="100%"
        >
          <div
            className="status-list-wrapper"
          >
            <ul>
              <li
                style={
                  Object {
                    "justifyContent": "space-between",
                    "padding": "5px 15px",
                  }
                }
              >
                <div
                  className="tabletitle"
                  style={
                    Object {
                      "textAlign": "left",
                      "width": "20%",
                    }
                  }
                >
                  Token
                </div>
                <div
                  className="tabletitle2"
                >
                  WETH-ETH
                </div>
                <div
                  className="tabletitle2"
                >
                  WETH-ETH
                </div>
                <div
                  className="tabletitle2"
                  style={
                    Object {
                      "width": "20%",
                    }
                  }
                >
                  ETH
                </div>
              </li>
              <li
                style={
                  Object {
                    "justifyContent": "space-between",
                    "padding": "5px 15px",
                  }
                }
              >
                <div
                  className="tabletitle"
                  style={
                    Object {
                      "textAlign": "left",
                      "width": "20%",
                    }
                  }
                >
                  Balance
                </div>
                <div
                  className="tablecontent2"
                >
                  0.000
                </div>
                <div
                  className="tablecontent2"
                >
                  0.000
                </div>
                <div
                  className="tablecontent2"
                  style={
                    Object {
                      "width": "20%",
                    }
                  }
                >
                  123.0
                </div>
              </li>
            </ul>
          </div>
        </styled.div>
        <styled.div
          noLiBorder={true}
          noUlBorder={true}
        >
          <div
            className="status-list-wrapper"
          >
            <ul>
              <li
                className="input-line"
                style={
                  Object {
                    "marginBottom": 0,
                    "opacity": 1,
                    "padding": "0 10px",
                    "pointerEvents": "auto",
                  }
                }
              >
                <span
                  className="input-des"
                >
                  ETH Amount
                </span>
                <styled.input
                  disabled={false}
                  onBlur={[Function]}
                  onChange={[Function]}
                  right={true}
                  value=""
                  width="100%"
                />
              </li>
              <li
                className="input-line"
                style={
                  Object {
                    "opacity": 1,
                    "padding": "0 15px",
                    "pointerEvents": "auto",
                  }
                }
              >
                <Styled(Slider)
                  disabled={false}
                  marks={
                    Object {
                      "0": Object {
                        "label": <strong>
                          0%
                        </strong>,
                      },
                      "100": Object {
                        "label": <strong>
                          100%
                        </strong>,
                      },
                      "25": Object {
                        "label": <strong>
                          25%
                        </strong>,
                      },
                      "50": Object {
                        "label": <strong>
                          50%
                        </strong>,
                      },
                      "75": Object {
                        "label": <strong>
                          75%
                        </strong>,
                      },
                    }
                  }
                  onChange={[Function]}
                  step={1}
                  value={0}
                />
              </li>
              <li
                className="waring-expand-button"
                onClick={[Function]}
                style={
                  Object {
                    "padding": "0 10px 0 15px",
                    "pointerEvents": "auto",
                  }
                }
              >
                <span
                  style={
                    Object {
                      "opacity": 100,
                    }
                  }
                >
                  <img
                    src={null}
                    style={
                      Object {
                        "marginRight": 2,
                      }
                    }
                  />
                  Click to create with WETH
                </span>
              </li>
            </ul>
          </div>
        </styled.div>
        <styled.div
          noLiBorder={true}
          noUlBorder={true}
        >
          <div
            className="status-list-wrapper"
          >
            <ul
              style={
                Object {
                  "height": "0px",
                  "margin": "0",
                }
              }
            >
              <li
                className="input-line"
                style={
                  Object {
                    "marginBottom": 0,
                    "padding": "0 10px",
                  }
                }
              >
                <styled.input
                  disabled={false}
                  onBlur={[Function]}
                  onChange={[Function]}
                  right={true}
                  value=""
                  width="100%"
                />
              </li>
              <li
                className="input-line"
                style={
                  Object {
                    "padding": "0 15px",
                  }
                }
              >
                <Styled(Slider)
                  disabled={false}
                  marks={
                    Object {
                      "0": Object {
                        "label": <strong>
                          0%
                        </strong>,
                      },
                      "100": Object {
                        "label": <strong>
                          100%
                        </strong>,
                      },
                      "25": Object {
                        "label": <strong>
                          25%
                        </strong>,
                      },
                      "50": Object {
                        "label": <strong>
                          50%
                        </strong>,
                      },
                      "75": Object {
                        "label": <strong>
                          75%
                        </strong>,
                      },
                    }
                  }
                  onChange={[Function]}
                  step={1}
                  value={0}
                />
              </li>
            </ul>
          </div>
        </styled.div>
      </styled.div>
      <div
        className="convert-popup-des"
      >
        Create WETH-ETH and WETH-ETH with ETH
      </div>
      <styled.div
        horizontal={true}
        padding="10px"
        width="100%"
      >
        <styled.button
          disable={false}
          onClick={[Function]}
          width="49%"
        >
          Reset
        </styled.button>
        <styled.button
          disable={true}
          onClick={[Function]}
          style={
            Object {
              "opacity": 0.3,
            }
          }
          width="49%"
        >
          Create
        </styled.button>
      </styled.div>
    </Spin>
  </Styled(Card)>
</div>
`;
