// Jest Snapshot v1, https://goo.gl/fbAQLP

exports[`LocaleSelect Test Test Snapshot Test Snapshot 1`] = `
<div>
  123
</div>
`;
